// Jest Snapshot v1, https://goo.gl/fbAQLP

exports[`Given a Category component when the component is rendered should match the snapshot 1`] = `
<Master
  title="Products"
  total={0}
>
  <Categorystyled__ProductWrapper />
</Master>
`;
